[
	{
		"hostname": "123.45.6.7",
		"user": "centos",
		"identityfile": "/home/rjeczalik/src/github.com/tectumsh/ssh/testdata/jumpbox1.pem",
		"host": "jumpbox1"
	},
	{
		"hostname": "123.45.6.7",
		"user": "centos",
		"identityfile": "/home/rjeczalik/src/github.com/tectumsh/ssh/testdata/jumpbox1.pem",
		"host": "123\\.45\\.6\\.7"
	},
	{
		"hostname": "123.45.6.8",
		"user": "centos",
		"identityfile": "/home/rjeczalik/src/github.com/tectumsh/ssh/testdata/jumpbox2.pem",
		"host": "jumpbox2"
	},
	{
		"hostname": "123.45.6.8",
		"user": "centos",
		"identityfile": "/home/rjeczalik/src/github.com/tectumsh/ssh/testdata/jumpbox2.pem",
		"host": "123\\.45\\.6\\.8"
	},
	{
		"connecttimeout": "10",
		"connectionattempts": "6",
		"serveraliveinterval": "120",
		"serveralivecountmax": "10",
		"hostname": "123.45.7.8",
		"user": "centos",
		"identityfile": "/home/rjeczalik/src/github.com/tectumsh/ssh/testdata/jumpbox3.pem",
		"host": "jumpbox3"
	},
	{
		"connecttimeout": "10",
		"connectionattempts": "6",
		"serveraliveinterval": "120",
		"serveralivecountmax": "10",
		"hostname": "123.45.7.8",
		"user": "centos",
		"identityfile": "/home/rjeczalik/src/github.com/tectumsh/ssh/testdata/jumpbox3.pem",
		"host": "123\\.45\\.7\\.8"
	},
	{
		"stricthostkeychecking": "no",
		"globalknownhostsfile": "/dev/null",
		"userknownhostsfile": "/dev/null",
		"tcpkeepalive": "yes",
		"connecttimeout": "10",
		"connectionattempts": "3",
		"serveraliveinterval": "60",
		"serveralivecountmax": "5",
		"host": ".*"
	}
]